============================= test session starts =============================
platform win32 -- Python 3.13.12, pytest-8.3.4, pluggy-1.6.0 -- C:\Users\sanke\Documents\Project-Aegis-Finance\.venv\Scripts\python.exe
cachedir: .pytest_cache
rootdir: C:\Users\sanke\Documents\Project-Aegis-Finance
plugins: anyio-4.13.0, cov-6.0.0
collecting ... collected 17 items

tests/test_api.py::test_health_check FAILED                              [  5%]
tests/test_api.py::test_predict_invalid_schema PASSED                    [ 11%]
tests/test_api.py::test_predict_risk_logic[85000.0-720-1.0-None-None-1.0-Safe] PASSED [ 17%]
tests/test_api.py::test_predict_risk_logic[25000.0-450-6.0-0.8-0.8-0.0-High Risk] PASSED [ 23%]
tests/test_api.py::test_predict_empty_optional_fields PASSED             [ 29%]
tests/test_drift.py::TestDriftEndpoints::test_drift_insufficient_data PASSED [ 35%]
tests/test_drift.py::TestDriftEndpoints::test_drift_status_insufficient_data PASSED [ 41%]
tests/test_drift.py::TestDriftEndpoints::test_predictions_recorded_in_window FAILED [ 47%]
tests/test_drift.py::TestDriftEndpoints::test_drift_report_after_sufficient_data FAILED [ 52%]
tests/test_drift.py::TestDriftEndpoints::test_stable_data_low_psi FAILED [ 58%]
tests/test_drift.py::TestDriftEndpoints::test_drifted_data_higher_psi FAILED [ 64%]
tests/test_drift.py::TestDriftEndpoints::test_drift_reset_clears_window FAILED [ 70%]
tests/test_drift.py::TestDriftEndpoints::test_drift_report_complete_structure FAILED [ 76%]
tests/test_drift.py::TestDriftEndpoints::test_drift_endpoint_latency PASSED [ 82%]
tests/test_risk_engine.py::test_risk_integrity_gate PASSED               [ 88%]
tests/test_risk_engine.py::test_risk_latency_gate PASSED                 [ 94%]
tests/test_risk_engine.py::test_model_artifact_loading FAILED            [100%]

================================== FAILURES ===================================
______________________________ test_health_check ______________________________

client = <starlette.testclient.TestClient object at 0x000001CE249F6AD0>

    def test_health_check(client):
        """
        Verifies that the API gateway is online.
        """
        response = client.get("/health")
>       assert response.status_code == 200
E       assert 404 == 200
E        +  where 404 = <Response [404 Not Found]>.status_code

tests\test_api.py:23: AssertionError
---------------------------- Captured stdout setup ----------------------------
--- Aegis-Finance Risk Engine: V1.0 Loaded and Online ---
___________ TestDriftEndpoints.test_predictions_recorded_in_window ____________

self = <tests.test_drift.TestDriftEndpoints object at 0x000001CE6998B100>

    def test_predictions_recorded_in_window(self):
        """POST /api/predict should record features in drift window."""
        initial_size = drift_monitor.get_window_size()
    
        # Make a prediction
        client.post("/api/predict", json=SAFE_APPLICATION)
    
        # Window should have grown
>       assert drift_monitor.get_window_size() == initial_size + 1
E       assert 0 == (0 + 1)
E        +  where 0 = <function get_window_size at 0x000001CE69A5E520>()
E        +    where <function get_window_size at 0x000001CE69A5E520> = drift_monitor.get_window_size

tests\test_drift.py:71: AssertionError
_________ TestDriftEndpoints.test_drift_report_after_sufficient_data __________

self = <tests.test_drift.TestDriftEndpoints object at 0x000001CE6998B230>

    def test_drift_report_after_sufficient_data(self):
        """GET /drift returns full report after 20 predictions."""
        # Generate 25 predictions
        for _ in range(25):
            client.post("/api/predict", json=SAFE_APPLICATION)
    
        response = client.get("/drift")
        assert response.status_code == 200
        data = response.json()
    
        # Should have real drift report now
>       assert data["status"] in ["STABLE", "MONITOR", "RETRAIN"]
E       AssertionError: assert 'INSUFFICIENT_DATA' in ['STABLE', 'MONITOR', 'RETRAIN']

tests\test_drift.py:85: AssertionError
_________________ TestDriftEndpoints.test_stable_data_low_psi _________________

self = <tests.test_drift.TestDriftEndpoints object at 0x000001CE69A81490>

    def test_stable_data_low_psi(self):
        """Normal applications matching training distribution \u2192 STABLE."""
        # Send 30 normal applications (near training baseline)
        normal_app = {
            "income": 65000.0,       # matches baseline mean
            "credit_score": 670,     # matches baseline mean
            "D_39": None,
            "D_42": None,
            "D_43": None,
            "D_114": None
        }
        for _ in range(30):
            client.post("/api/predict", json=normal_app)
    
        response = client.get("/drift")
        data = response.json()
    
>       assert data["status"] in ["STABLE", "MONITOR"]
E       AssertionError: assert 'INSUFFICIENT_DATA' in ['STABLE', 'MONITOR']

tests\test_drift.py:110: AssertionError
_______________ TestDriftEndpoints.test_drifted_data_higher_psi _______________

self = <tests.test_drift.TestDriftEndpoints object at 0x000001CE699F9260>

    def test_drifted_data_higher_psi(self):
        """Heavily skewed applications \u2192 higher PSI than stable baseline."""
        # First: get baseline PSI with normal data
        normal_app = {"income": 65000.0, "credit_score": 670,
                      "D_39": None, "D_42": None, "D_43": None, "D_114": None}
        for _ in range(25):
            client.post("/api/predict", json=normal_app)
    
        normal_response = client.get("/drift")
>       normal_psi = normal_response.json()["overall_psi"]
E       KeyError: 'overall_psi'

tests\test_drift.py:123: KeyError
______________ TestDriftEndpoints.test_drift_reset_clears_window ______________

self = <tests.test_drift.TestDriftEndpoints object at 0x000001CE699F9480>

    def test_drift_reset_clears_window(self):
        """DELETE /drift/reset should clear all predictions."""
        # Add some predictions
        for _ in range(10):
            client.post("/api/predict", json=SAFE_APPLICATION)
    
>       assert drift_monitor.get_window_size() == 10
E       assert 0 == 10
E        +  where 0 = <function get_window_size at 0x000001CE69A5E520>()
E        +    where <function get_window_size at 0x000001CE69A5E520> = drift_monitor.get_window_size

tests\test_drift.py:145: AssertionError
___________ TestDriftEndpoints.test_drift_report_complete_structure ___________

self = <tests.test_drift.TestDriftEndpoints object at 0x000001CE699D7A50>

    def test_drift_report_complete_structure(self):
        """Full drift report should have all required fields."""
        for _ in range(25):
            client.post("/api/predict", json=SAFE_APPLICATION)
    
        response = client.get("/drift")
        data = response.json()
    
        # Required top-level fields
        required_fields = [
            "status", "overall_psi", "retraining_recommended",
            "predictions_analyzed", "feature_drift",
            "psi_thresholds", "recommendation"
        ]
        for field in required_fields:
>           assert field in data, f"Missing field: {field}"
E           AssertionError: Missing field: overall_psi
E           assert 'overall_psi' in {'message': 'Need at least 20 predictions for drift analysis. Current: 0', 'minimum_required': 20, 'predictions_in_window': 0, 'status': 'INSUFFICIENT_DATA'}

tests\test_drift.py:169: AssertionError
_________________________ test_model_artifact_loading _________________________

client = <starlette.testclient.TestClient object at 0x000001CE6B0A58C0>

    def test_model_artifact_loading(client):
        """
        Confirms the server successfully context-loaded models/aegis_*.pkl artifacts.
        """
        response = client.get("/health")
>       assert response.status_code == 200
E       assert 404 == 200
E        +  where 404 = <Response [404 Not Found]>.status_code

tests\test_risk_engine.py:66: AssertionError
---------------------------- Captured stdout setup ----------------------------
--- Aegis-Finance Risk Engine: V1.0 Loaded and Online ---
============================== warnings summary ===============================
app\schemas.py:13
  C:\Users\sanke\Documents\Project-Aegis-Finance\app\schemas.py:13: PydanticDeprecatedSince20: Support for class-based `config` is deprecated, use ConfigDict instead. Deprecated in Pydantic V2.0 to be removed in V3.0. See Pydantic V2 Migration Guide at https://errors.pydantic.dev/2.12/migration/
    class LoanApplication(BaseModel):

tests/test_api.py: 4 warnings
tests/test_risk_engine.py: 10 warnings
  C:\Users\sanke\Documents\Project-Aegis-Finance\app\transformers.py:28: FutureWarning: Downcasting object dtype arrays on .fillna, .ffill, .bfill is deprecated and will change in a future version. Call result.infer_objects(copy=False) instead. To opt-in to the future behavior, set `pd.set_option('future.no_silent_downcasting', True)`
    X_df[col] = X_df[col].fillna(self.sentinel_value)

tests/test_api.py::test_predict_risk_logic[85000.0-720-1.0-None-None-1.0-Safe]
tests/test_api.py::test_predict_empty_optional_fields
tests/test_risk_engine.py::test_risk_latency_gate
tests/test_risk_engine.py::test_risk_latency_gate
tests/test_risk_engine.py::test_risk_latency_gate
tests/test_risk_engine.py::test_risk_latency_gate
tests/test_risk_engine.py::test_risk_latency_gate
  C:\Users\sanke\Documents\Project-Aegis-Finance\app\drift_monitor.py:84: DeprecationWarning: datetime.datetime.utcnow() is deprecated and scheduled for removal in a future version. Use timezone-aware objects to represent datetimes in UTC: datetime.datetime.now(datetime.UTC).
    "timestamp": datetime.utcnow().isoformat(),

-- Docs: https://docs.pytest.org/en/stable/how-to/capture-warnings.html
=========================== short test summary info ===========================
FAILED tests/test_api.py::test_health_check - assert 404 == 200
FAILED tests/test_drift.py::TestDriftEndpoints::test_predictions_recorded_in_window
FAILED tests/test_drift.py::TestDriftEndpoints::test_drift_report_after_sufficient_data
FAILED tests/test_drift.py::TestDriftEndpoints::test_stable_data_low_psi - As...
FAILED tests/test_drift.py::TestDriftEndpoints::test_drifted_data_higher_psi
FAILED tests/test_drift.py::TestDriftEndpoints::test_drift_reset_clears_window
FAILED tests/test_drift.py::TestDriftEndpoints::test_drift_report_complete_structure
FAILED tests/test_risk_engine.py::test_model_artifact_loading - assert 404 ==...
================== 8 failed, 9 passed, 22 warnings in 7.32s ===================
